The following generation flags are not valid and may be ignored: ['cache_implementation']. Set `TRANSFORMERS_VERBOSITY=info` for more details.
Loading checkpoint shards:   0%|          | 0/4 [00:00<?, ?it/s]Loading checkpoint shards:  25%|██▌       | 1/4 [00:00<00:02,  1.35it/s]Loading checkpoint shards:  50%|█████     | 2/4 [00:01<00:01,  1.34it/s]Loading checkpoint shards:  75%|███████▌  | 3/4 [00:02<00:00,  1.33it/s]Loading checkpoint shards: 100%|██████████| 4/4 [00:02<00:00,  1.46it/s]Loading checkpoint shards: 100%|██████████| 4/4 [00:02<00:00,  1.41it/s]
{"model": "chameleon", "concept": "HTML", "completed": 1, "total": 16}
{"model": "chameleon", "concept": "HTML", "completed": 2, "total": 16}
{"model": "chameleon", "concept": "HTML", "completed": 3, "total": 16}
{"model": "chameleon", "concept": "HTML", "completed": 4, "total": 16}
{"model": "chameleon", "concept": "HTML", "completed": 5, "total": 16}
{"model": "chameleon", "concept": "HTML", "completed": 6, "total": 16}
{"model": "chameleon", "concept": "HTML", "completed": 7, "total": 16}
{"model": "chameleon", "concept": "HTML", "completed": 8, "total": 16}
{"model": "chameleon", "concept": "HTML", "completed": 9, "total": 16}
{"model": "chameleon", "concept": "HTML", "completed": 10, "total": 16}
{"model": "chameleon", "concept": "HTML", "completed": 11, "total": 16}
{"model": "chameleon", "concept": "HTML", "completed": 12, "total": 16}
{"model": "chameleon", "concept": "HTML", "completed": 13, "total": 16}
{"model": "chameleon", "concept": "HTML", "completed": 14, "total": 16}
{"model": "chameleon", "concept": "HTML", "completed": 15, "total": 16}
{"model": "chameleon", "concept": "HTML", "completed": 16, "total": 16}
{"model": "chameleon", "concept": "all-caps", "completed": 1, "total": 16}
{"model": "chameleon", "concept": "all-caps", "completed": 2, "total": 16}
{"model": "chameleon", "concept": "all-caps", "completed": 3, "total": 16}
{"model": "chameleon", "concept": "all-caps", "completed": 4, "total": 16}
{"model": "chameleon", "concept": "all-caps", "completed": 5, "total": 16}
{"model": "chameleon", "concept": "all-caps", "completed": 6, "total": 16}
{"model": "chameleon", "concept": "all-caps", "completed": 7, "total": 16}
{"model": "chameleon", "concept": "all-caps", "completed": 8, "total": 16}
{"model": "chameleon", "concept": "all-caps", "completed": 9, "total": 16}
{"model": "chameleon", "concept": "all-caps", "completed": 10, "total": 16}
{"model": "chameleon", "concept": "all-caps", "completed": 11, "total": 16}
{"model": "chameleon", "concept": "all-caps", "completed": 12, "total": 16}
{"model": "chameleon", "concept": "all-caps", "completed": 13, "total": 16}
{"model": "chameleon", "concept": "all-caps", "completed": 14, "total": 16}
{"model": "chameleon", "concept": "all-caps", "completed": 15, "total": 16}
{"model": "chameleon", "concept": "all-caps", "completed": 16, "total": 16}
{"model": "chameleon", "concept": "biology-focused", "completed": 1, "total": 16}
{"model": "chameleon", "concept": "biology-focused", "completed": 2, "total": 16}
{"model": "chameleon", "concept": "biology-focused", "completed": 3, "total": 16}
{"model": "chameleon", "concept": "biology-focused", "completed": 4, "total": 16}
{"model": "chameleon", "concept": "biology-focused", "completed": 5, "total": 16}
{"model": "chameleon", "concept": "biology-focused", "completed": 6, "total": 16}
{"model": "chameleon", "concept": "biology-focused", "completed": 7, "total": 16}
{"model": "chameleon", "concept": "biology-focused", "completed": 8, "total": 16}
{"model": "chameleon", "concept": "biology-focused", "completed": 9, "total": 16}
{"model": "chameleon", "concept": "biology-focused", "completed": 10, "total": 16}
{"model": "chameleon", "concept": "biology-focused", "completed": 11, "total": 16}
{"model": "chameleon", "concept": "biology-focused", "completed": 12, "total": 16}
{"model": "chameleon", "concept": "biology-focused", "completed": 13, "total": 16}
{"model": "chameleon", "concept": "biology-focused", "completed": 14, "total": 16}
{"model": "chameleon", "concept": "biology-focused", "completed": 15, "total": 16}
{"model": "chameleon", "concept": "biology-focused", "completed": 16, "total": 16}
{"model": "chameleon", "concept": "chemistry-based", "completed": 1, "total": 16}
{"model": "chameleon", "concept": "chemistry-based", "completed": 2, "total": 16}
{"model": "chameleon", "concept": "chemistry-based", "completed": 3, "total": 16}
{"model": "chameleon", "concept": "chemistry-based", "completed": 4, "total": 16}
{"model": "chameleon", "concept": "chemistry-based", "completed": 5, "total": 16}
{"model": "chameleon", "concept": "chemistry-based", "completed": 6, "total": 16}
{"model": "chameleon", "concept": "chemistry-based", "completed": 7, "total": 16}
{"model": "chameleon", "concept": "chemistry-based", "completed": 8, "total": 16}
{"model": "chameleon", "concept": "chemistry-based", "completed": 9, "total": 16}
{"model": "chameleon", "concept": "chemistry-based", "completed": 10, "total": 16}
{"model": "chameleon", "concept": "chemistry-based", "completed": 11, "total": 16}
{"model": "chameleon", "concept": "chemistry-based", "completed": 12, "total": 16}
{"model": "chameleon", "concept": "chemistry-based", "completed": 13, "total": 16}
{"model": "chameleon", "concept": "chemistry-based", "completed": 14, "total": 16}
{"model": "chameleon", "concept": "chemistry-based", "completed": 15, "total": 16}
{"model": "chameleon", "concept": "chemistry-based", "completed": 16, "total": 16}
{"model": "chameleon", "concept": "comforting", "completed": 1, "total": 16}
{"model": "chameleon", "concept": "comforting", "completed": 2, "total": 16}
{"model": "chameleon", "concept": "comforting", "completed": 3, "total": 16}
{"model": "chameleon", "concept": "comforting", "completed": 4, "total": 16}
{"model": "chameleon", "concept": "comforting", "completed": 5, "total": 16}
{"model": "chameleon", "concept": "comforting", "completed": 6, "total": 16}
{"model": "chameleon", "concept": "comforting", "completed": 7, "total": 16}
{"model": "chameleon", "concept": "comforting", "completed": 8, "total": 16}
{"model": "chameleon", "concept": "comforting", "completed": 9, "total": 16}
{"model": "chameleon", "concept": "comforting", "completed": 10, "total": 16}
{"model": "chameleon", "concept": "comforting", "completed": 11, "total": 16}
{"model": "chameleon", "concept": "comforting", "completed": 12, "total": 16}
{"model": "chameleon", "concept": "comforting", "completed": 13, "total": 16}
{"model": "chameleon", "concept": "comforting", "completed": 14, "total": 16}
{"model": "chameleon", "concept": "comforting", "completed": 15, "total": 16}
{"model": "chameleon", "concept": "comforting", "completed": 16, "total": 16}
{"model": "chameleon", "concept": "confused", "completed": 1, "total": 16}
{"model": "chameleon", "concept": "confused", "completed": 2, "total": 16}
{"model": "chameleon", "concept": "confused", "completed": 3, "total": 16}
{"model": "chameleon", "concept": "confused", "completed": 4, "total": 16}
{"model": "chameleon", "concept": "confused", "completed": 5, "total": 16}
{"model": "chameleon", "concept": "confused", "completed": 6, "total": 16}
{"model": "chameleon", "concept": "confused", "completed": 7, "total": 16}
{"model": "chameleon", "concept": "confused", "completed": 8, "total": 16}
{"model": "chameleon", "concept": "confused", "completed": 9, "total": 16}
{"model": "chameleon", "concept": "confused", "completed": 10, "total": 16}
{"model": "chameleon", "concept": "confused", "completed": 11, "total": 16}
{"model": "chameleon", "concept": "confused", "completed": 12, "total": 16}
{"model": "chameleon", "concept": "confused", "completed": 13, "total": 16}
{"model": "chameleon", "concept": "confused", "completed": 14, "total": 16}
{"model": "chameleon", "concept": "confused", "completed": 15, "total": 16}
{"model": "chameleon", "concept": "confused", "completed": 16, "total": 16}
{"model": "chameleon", "concept": "finnish", "completed": 1, "total": 16}
{"model": "chameleon", "concept": "finnish", "completed": 2, "total": 16}
{"model": "chameleon", "concept": "finnish", "completed": 3, "total": 16}
{"model": "chameleon", "concept": "finnish", "completed": 4, "total": 16}
{"model": "chameleon", "concept": "finnish", "completed": 5, "total": 16}
{"model": "chameleon", "concept": "finnish", "completed": 6, "total": 16}
{"model": "chameleon", "concept": "finnish", "completed": 7, "total": 16}
{"model": "chameleon", "concept": "finnish", "completed": 8, "total": 16}
{"model": "chameleon", "concept": "finnish", "completed": 9, "total": 16}
{"model": "chameleon", "concept": "finnish", "completed": 10, "total": 16}
{"model": "chameleon", "concept": "finnish", "completed": 11, "total": 16}
{"model": "chameleon", "concept": "finnish", "completed": 12, "total": 16}
{"model": "chameleon", "concept": "finnish", "completed": 13, "total": 16}
{"model": "chameleon", "concept": "finnish", "completed": 14, "total": 16}
{"model": "chameleon", "concept": "finnish", "completed": 15, "total": 16}
{"model": "chameleon", "concept": "finnish", "completed": 16, "total": 16}
{"model": "chameleon", "concept": "german", "completed": 1, "total": 16}
{"model": "chameleon", "concept": "german", "completed": 2, "total": 16}
{"model": "chameleon", "concept": "german", "completed": 3, "total": 16}
{"model": "chameleon", "concept": "german", "completed": 4, "total": 16}
{"model": "chameleon", "concept": "german", "completed": 5, "total": 16}
{"model": "chameleon", "concept": "german", "completed": 6, "total": 16}
{"model": "chameleon", "concept": "german", "completed": 7, "total": 16}
{"model": "chameleon", "concept": "german", "completed": 8, "total": 16}
{"model": "chameleon", "concept": "german", "completed": 9, "total": 16}
{"model": "chameleon", "concept": "german", "completed": 10, "total": 16}
{"model": "chameleon", "concept": "german", "completed": 11, "total": 16}
{"model": "chameleon", "concept": "german", "completed": 12, "total": 16}
{"model": "chameleon", "concept": "german", "completed": 13, "total": 16}
{"model": "chameleon", "concept": "german", "completed": 14, "total": 16}
{"model": "chameleon", "concept": "german", "completed": 15, "total": 16}
{"model": "chameleon", "concept": "german", "completed": 16, "total": 16}
{"model": "chameleon", "concept": "jokey", "completed": 1, "total": 16}
{"model": "chameleon", "concept": "jokey", "completed": 2, "total": 16}
{"model": "chameleon", "concept": "jokey", "completed": 3, "total": 16}
{"model": "chameleon", "concept": "jokey", "completed": 4, "total": 16}
{"model": "chameleon", "concept": "jokey", "completed": 5, "total": 16}
{"model": "chameleon", "concept": "jokey", "completed": 6, "total": 16}
{"model": "chameleon", "concept": "jokey", "completed": 7, "total": 16}
{"model": "chameleon", "concept": "jokey", "completed": 8, "total": 16}
{"model": "chameleon", "concept": "jokey", "completed": 9, "total": 16}
{"model": "chameleon", "concept": "jokey", "completed": 10, "total": 16}
{"model": "chameleon", "concept": "jokey", "completed": 11, "total": 16}
